[33m╔══════════════════════════════════════════════════════════════╗[0m
[33m║[33m              ₿ BITCOIN VAULT ₿                 [33m║[0m
[33m║[0m                                               [33m║[0m
[33m║[36m           ╔═══════════════════╗               [33m║[0m
[33m║[36m           ║   PROOF OF WORK   ║               [33m║[0m
[33m║[36m           ║   DIGITAL GOLD    ║               [33m║[0m
[33m║[36m           ║   21M CAP         ║               [33m║[0m
[33m║[36m           ╚═══════════════════╝               [33m║[0m
[33m║[32m         Lightning Network Enabled             [33m║[0m
[33m╚══════════════════════════════════════════════════════════════╝[0m
