[32m╔══════════════════════════════════════════════════════════════╗[0m
[32m║[35m           🐛 THE CATERPILLAR 🐛               [32m║[0m
[32m║[0m                                               [32m║[0m
[32m║[36m              .------.                         [32m║[0m
[32m║[36m             /  ~  ~  \                        [32m║[0m
[32m║[36m            |  (o)(o)  |                       [32m║[0m
[32m║[36m             \   ~~   /                        [32m║[0m
[32m║[36m              '------'    ~~~~                 [32m║[0m
[32m║[33m                 ||      ~~~~~                 [32m║[0m
[32m║[33m               /||||\   ~~~~~~                 [32m║[0m
[32m║[0m                "Who are you?"                 [32m║[0m
[32m╚══════════════════════════════════════════════════════════════╝[0m
