[38;5;208m[1m
    ╔═══════════════════════════════════════════════════════════════════════════╗[0m
[38;5;208m[1m    ║                                                                           ║[0m
[38;5;220m[1m    ║     ██╗  ██╗██╗██╗   ██╗███████╗    ██████╗  ██████╗  ██████╗            ║[0m
[38;5;220m[1m    ║     ██║  ██║██║██║   ██║██╔════╝    ╚════██╗██╔═████╗██╔═████╗           ║[0m
[38;5;214m[1m    ║     ███████║██║██║   ██║█████╗       █████╔╝██║██╔██║██║██╔██║           ║[0m
[38;5;214m[1m    ║     ██╔══██║██║╚██╗ ██╔╝██╔══╝      ██╔═══╝ ████╔╝██║████╔╝██║           ║[0m
[38;5;208m[1m    ║     ██║  ██║██║ ╚████╔╝ ███████╗    ███████╗╚██████╔╝╚██████╔╝           ║[0m
[38;5;208m[1m    ║     ╚═╝  ╚═╝╚═╝  ╚═══╝  ╚══════╝    ╚══════╝ ╚═════╝  ╚═════╝            ║[0m
[38;5;208m[1m    ║                                                                           ║[0m
[38;5;226m[1m    ║              🐝  Multi-Agent Blockchain Intelligence  🐝                  ║[0m
[38;5;226m    ║                                                                           ║[0m
[38;5;184m    ║         "The Hive remembers all chains, serves all stakeholders,          ║[0m
[38;5;184m    ║          tracks all trends — locally or in the cloud."                    ║[0m
[38;5;208m[1m    ║                                                                           ║[0m
[38;5;208m[1m    ╚═══════════════════════════════════════════════════════════════════════════╝[0m
[38;5;172m
         🍯  5 Models  │  2 Backends  │  28+ Agents  │  729 Nodes  │  Digital Root 9
[0m
