[38;5;208m
    ╔═══════════════════════════════════════════════════════════════════╗
    ║  [38;5;220m🐝[38;5;208m  ┌─────────┐     ┌─────────┐     ┌─────────┐     ┌─────────┐   ║
    ║     /           \   /           \   /           \   /           \    ║
    ║    │   [38;5;226mHIVE[38;5;208m    │   │   [38;5;226m999[38;5;208m     │   │   [38;5;226mNODE[38;5;208m    │   │   [38;5;226m729[38;5;208m     │   ║
    ║     \           /   \           /   \           /   \           /    ║
    ║      └─────────┘     └─────────┘     └─────────┘     └─────────┘   ║
    ║  [38;5;220m🍯[38;5;208m                                                                    ║
    ╚═══════════════════════════════════════════════════════════════════╝
[0m
