[38;5;208m[1m    ┌─────────────────────────────────────────────────────────────┐[0m
[38;5;220m    │  🔗 BLOCKCHAINS  ×  👥 STAKEHOLDERS  ×  📈 TRENDS          │[0m
[38;5;208m[1m    ├─────────────────────────────────────────────────────────────┤[0m
[38;5;226m    │                                                             │[0m
[38;5;214m    │   9 × 9 × 9 = [1m729 NODES[0m[38;5;214m   │   Digital Root: [1m9[0m[38;5;214m            │[0m
[38;5;226m    │                                                             │[0m
[38;5;208m    │  ┌─────┐ ┌─────┐ ┌─────┐ ┌─────┐ ┌─────┐ ┌─────┐         │[0m
[38;5;208m    │  │ BTC │ │ ETH │ │ SOL │ │TRX  │ │ XLM │ │ AVAX│ ...     │[0m
[38;5;208m    │  └──┬──┘ └──┬──┘ └──┬──┘ └──┬──┘ └──┬──┘ └──┬──┘         │[0m
[38;5;172m    │     │       │       │       │       │       │             │[0m
[38;5;172m    │  ┌──┴──┐ ┌──┴──┐ ┌──┴──┐ ┌──┴──┐ ┌──┴──┐ ┌──┴──┐         │[0m
[38;5;172m    │  │  C  │ │  E  │ │  I  │ │  O  │ │  S  │ │  G  │ ...     │[0m
[38;5;172m    │  └──┬──┘ └──┬──┘ └──┬──┘ └──┬──┘ └──┬──┘ └──┬──┘         │[0m
[38;5;136m    │     │       │       │       │       │       │             │[0m
[38;5;136m    │  ┌──┴──┐ ┌──┴──┐ ┌──┴──┐ ┌──┴──┐ ┌──┴──┐ ┌──┴──┐         │[0m
[38;5;136m    │  │Tok  │ │ DeFi│ │SCP  │ │ SSI │ │CBDC │ │AI+BC│ ...     │[0m
[38;5;136m    │  └─────┘ └─────┘ └─────┘ └─────┘ └─────┘ └─────┘         │[0m
[38;5;208m[1m    │                                                             │[0m
[38;5;220m    │  Active Intersection: [1mETH × Investors × DeFi[0m[38;5;220m            │[0m
[38;5;208m[1m    └─────────────────────────────────────────────────────────────┘[0m
