[36m╔══════════════════════════════════════════════════════════════╗[0m
[36m║[35m            ⛪ DeFi CATHEDRAL ⛪                [36m║[0m
[36m║[0m                                               [36m║[0m
[36m║[33m              AMM  →  LENDING  →  YIELD        [36m║[0m
[36m║[33m                ↓       ↓         ↓            [36m║[0m
[36m║[33m             DEX ← PERPS ← INSURANCE          [36m║[0m
[36m║[0m                                               [36m║[0m
[36m║[32m         Total Value Locked: Growing           [36m║[0m
[36m║[32m         Composability: Enabled                [36m║[0m
[36m╚══════════════════════════════════════════════════════════════╝[0m
