[35m╔══════════════════════════════════════════════════════════════╗[0m
[35m║[36m           9 × 9 × 9 MATRIX GRID               [35m║[0m
[35m║[0m                                               [35m║[0m
[35m║[33m     BTC ──┬── ETH ──┬── SOL ──┬── TRX        [35m║[0m
[35m║[33m           │         │         │               [35m║[0m
[35m║[33m     XLM ──┼── AVAX ─┼── ARB ──┼── MATIC       [35m║[0m
[35m║[33m           │         │         │               [35m║[0m
[35m║[33m     OP ───┴─────────┴─────────┴── ...         [35m║[0m
[35m║[0m                                               [35m║[0m
[35m║[32m     9 Blockchains × 9 Stakeholders            [35m║[0m
[35m║[32m     × 9 Trends = 729 Nodes                    [35m║[0m
[35m║[36m     Digital Root: 9 (7+2+9=18→9)              [35m║[0m
[35m╚══════════════════════════════════════════════════════════════╝[0m
